Microchip MPLAB XC8 Compiler V2.32

Linker command line:

-W-3 --edf=C:\Program Files\Microchip\xc8\v2.32\pic\dat\en_msgs.txt -cn \
  -h+dist/default/production\pumping-system.X.production.sym \
  --cmf=dist/default/production\pumping-system.X.production.cmf -z \
  -Q18F4520 -oC:\Users\hnova\AppData\Local\Temp\xcAsd84.4 \
  --defsym=__MPLAB_BUILD=1 \
  -Mdist/default/production/pumping-system.X.production.map -E1 \
  -ver=XC8 Compiler --acfsm=1493 -ASTACK=0252h-05FFh -pstack=STACK \
  -ACODE=00h-07FFFh -ACONST=00h-07FFFh -ASMALLCONST=0600h-06FFhx122 \
  -AMEDIUMCONST=0600h-07FFFh -ACOMRAM=01h-07Fh -AABS1=00h-05FFh \
  -ABIGRAM=01h-05FFh -ARAM=080h-0FFh,0100h-01FFhx5 -ABANK0=080h-0FFh \
  -ABANK1=0100h-01FFh -ABANK2=0200h-02FFh -ABANK3=0300h-03FFh \
  -ABANK4=0400h-04FFh -ABANK5=0500h-05FFh -ASFR=0F80h-0FFFh \
  -ACONFIG=0300000h-030000Dh -AIDLOC=0200000h-0200007h \
  -AEEDATA=0F00000h-0F000FFh -peeprom_data=EEDATA \
  -preset_vec=00h,intcode=08h,intcodelo,powerup,init -pramtop=0600h \
  -psmallconst=SMALLCONST -pmediumconst=MEDIUMCONST -pconst=CONST \
  -AFARRAM=00h-00h \
  -prdata=COMRAM,nvrram=COMRAM,nvbit=COMRAM,rbss=COMRAM,rbit=COMRAM \
  -pfarbss=FARRAM,fardata=FARRAM,nvFARRAM=FARRAM \
  -pintsave_regs=BIGRAM,bigbss=BIGRAM,bigdata=BIGRAM -pbss=RAM \
  -pidata=CODE,irdata=CODE,ibigdata=CODE,ifardata=CODE -prparam=COMRAM \
  C:\Users\hnova\AppData\Local\Temp\xcAsd84.o \
  dist/default/production\pumping-system.X.production.o 

Object code version is 3.11

Machine type is 18F4520



                Name                               Link     Load   Length Selector   Space Scale
C:\Users\hnova\AppData\Local\Temp\xcAsd84.o
                idloc                            200000   200000        8        0       5
                config                           300000   300000        E        0       4
                init                                  E        E        4        4       0
                reset_vec                             0        0        4        0       0
dist/default/production\pumping-system.X.production.o
                intcode                               8        8        6        4       0
                idloc                            200000   200000        8        0       5
                config                           300000   300000        E        0       4
                temp                                 75       75        1        1       1
                smallconst                          600      600       CE      300       0
                text54                             37BC     37BC       18      367       0
                text53                             382C     382C        A      367       0
                intcode_body                       1F84     1F84      194      367       0
                text51                             3604     3604       38      367       0
                text50                             36CE     36CE       30      367       0
                text49                             29EE     29EE      104      367       0
                text48                             26D8     26D8      10C      367       0
                text47                             3816     3816        C      367       0
                text46                             3836     3836        2      367       0
                text45                             37EA     37EA       12      367       0
                text44                             3538     3538       4A      367       0
                text43                             3476     3476       62      367       0
                text42                             2372     2372      12A      367       0
                text41                             25BC     25BC      11C      367       0
                text40                             372A     372A       28      367       0
                text39                             27E4     27E4      106      367       0
                text38                             3330     3330       74      367       0
                text37                             3412     3412       64      367       0
                text36                             3778     3778       26      367       0
                text35                             363C     363C       32      367       0
                text34                              6CE      6CE      526      367       0
                text33                             35C8     35C8       3C      367       0
                text32                             1DDA     1DDA      1AA      367       0
                text31                             2118     2118      130      367       0
                text30                             322A     322A       8A      367       0
                text29                             3752     3752       26      367       0
                text28                             379E     379E       1E      367       0
                text27                              BF4      BF4      4C0      367       0
                text26                             369E     369E       30      367       0
                text25                             37D4     37D4       16      367       0
                text24                             3582     3582       46      367       0
                text23                             2EA4     2EA4       D4      367       0
                text22                             2DD0     2DD0       D4      367       0
                text21                             3040     3040       BC      367       0
                text20                             36FE     36FE       2C      367       0
                text19                             10B4     10B4      39A      367       0
                text18                             1C26     1C26      1B4      367       0
                text17                             32B4     32B4       7C      367       0
                text16                             2CE2     2CE2       EE      367       0
                text15                             30FC     30FC       A0      367       0
                text14                             319C     319C       8E      367       0
                text13                             37FC     37FC        E      367       0
                text12                             2248     2248      12A      367       0
                text11                             380A     380A        C      367       0
                text10                             33A4     33A4       6E      367       0
                text9                              366E     366E       30      367       0
                text8                              2BF2     2BF2       F0      367       0
                text7                              1678     1678      22A      367       0
                text6                              144E     144E      22A      367       0
                text5                              1A64     1A64      1C2      367       0
                text4                              18A2     18A2      1C2      367       0
                text3                              249C     249C      120      367       0
                text2                              28EA     28EA      104      367       0
                text1                              2F78     2F78       C8      367       0
                text0                              2AF2     2AF2      100      367       0
                cstackCOMRAM                          1        1       3A        1       1
                bssBANK2                            200      200       52      200       1
                bssBANK1                            100      100       FA      100       1
                bssBANK0                             80       80       64       80       1
                dataCOMRAM                           6A       6A        A        1       1
                bssCOMRAM                            3B       3B       2F        1       1
                bitbssCOMRAM                        3A0       74        1        1       1     8
                cinit                              34D8     34D8       60      367       0
                idataCOMRAM                        3822     3822        A      367       0

TOTAL           Name                               Link     Load   Length     Space
        CLASS   STACK          

        CLASS   CODE           
                intcode                               8        8        6         0
                init                                  E        E        4         0
                reset_vec                             0        0        4         0
                text54                             37BC     37BC       18         0
                text53                             382C     382C        A         0
                intcode_body                       1F84     1F84      194         0
                text51                             3604     3604       38         0
                text50                             36CE     36CE       30         0
                text49                             29EE     29EE      104         0
                text48                             26D8     26D8      10C         0
                text47                             3816     3816        C         0
                text46                             3836     3836        2         0
                text45                             37EA     37EA       12         0
                text44                             3538     3538       4A         0
                text43                             3476     3476       62         0
                text42                             2372     2372      12A         0
                text41                             25BC     25BC      11C         0
                text40                             372A     372A       28         0
                text39                             27E4     27E4      106         0
                text38                             3330     3330       74         0
                text37                             3412     3412       64         0
                text36                             3778     3778       26         0
                text35                             363C     363C       32         0
                text34                              6CE      6CE      526         0
                text33                             35C8     35C8       3C         0
                text32                             1DDA     1DDA      1AA         0
                text31                             2118     2118      130         0
                text30                             322A     322A       8A         0
                text29                             3752     3752       26         0
                text28                             379E     379E       1E         0
                text27                              BF4      BF4      4C0         0
                text26                             369E     369E       30         0
                text25                             37D4     37D4       16         0
                text24                             3582     3582       46         0
                text23                             2EA4     2EA4       D4         0
                text22                             2DD0     2DD0       D4         0
                text21                             3040     3040       BC         0
                text20                             36FE     36FE       2C         0
                text19                             10B4     10B4      39A         0
                text18                             1C26     1C26      1B4         0
                text17                             32B4     32B4       7C         0
                text16                             2CE2     2CE2       EE         0
                text15                             30FC     30FC       A0         0
                text14                             319C     319C       8E         0
                text13                             37FC     37FC        E         0
                text12                             2248     2248      12A         0
                text11                             380A     380A        C         0
                text10                             33A4     33A4       6E         0
                text9                              366E     366E       30         0
                text8                              2BF2     2BF2       F0         0
                text7                              1678     1678      22A         0
                text6                              144E     144E      22A         0
                text5                              1A64     1A64      1C2         0
                text4                              18A2     18A2      1C2         0
                text3                              249C     249C      120         0
                text2                              28EA     28EA      104         0
                text1                              2F78     2F78       C8         0
                text0                              2AF2     2AF2      100         0
                cinit                              34D8     34D8       60         0
                idataCOMRAM                        3822     3822        A         0

        CLASS   CONST          

        CLASS   SMALLCONST     
                smallconst                          600      600       CE         0

        CLASS   MEDIUMCONST    

        CLASS   COMRAM         
                temp                                 75       75        1         1
                cstackCOMRAM                          1        1       3A         1
                dataCOMRAM                           6A       6A        A         1
                bssCOMRAM                            3B       3B       2F         1
                bitbssCOMRAM                        3A0       74        1         1

        CLASS   ABS1           

        CLASS   BIGRAM         

        CLASS   RAM            

        CLASS   BANK0          
                bssBANK0                             80       80       64         1

        CLASS   BANK1          
                bssBANK1                            100      100       FA         1

        CLASS   BANK2          
                bssBANK2                            200      200       52         1

        CLASS   BANK3          

        CLASS   BANK4          

        CLASS   BANK5          

        CLASS   SFR            

        CLASS   CONFIG         
                config                           300000   300000        E         4

        CLASS   IDLOC          
                idloc                            200000   200000        8         5

        CLASS   EEDATA         

        CLASS   FARRAM         



SEGMENTS        Name                           Load    Length   Top    Selector   Space  Class

                reset_vec                      000000  000004  000004         0       0  CODE    
                cstackCOMRAM                   000001  000075  000076         1       1  COMRAM  
                intcode                        000008  00000A  000012         4       0  CODE    
                bssBANK0                       000080  000064  0000E4        80       1  BANK0   
                bssBANK1                       000100  0000FA  0001FA       100       1  BANK1   
                bssBANK2                       000200  000052  000252       200       1  BANK2   
                smallconst                     000600  0000CE  0006CE       300       0  SMALLCON
                text34                         0006CE  00316A  003838       367       0  CODE    


UNUSED ADDRESS RANGES

        Name                Unused          Largest block    Delta
        BANK0            0000E4-0000FF               1C
        BANK1            0001FA-0001FF                6
        BANK2            000252-0002FF               AE
        BANK3            000300-0003FF              100
        BANK4            000400-0004FF              100
        BANK5            000500-0005FF              100
        BIGRAM           000076-00007F                A
                         0000E4-0000FF               1C
                         0001FA-0001FF                6
                         000252-0005FF              3AE
        CODE             000004-000007                4
                         000012-0005FF              5EE
                         003838-007FFF             47C8
        COMRAM           000076-00007F                A
        CONST            000004-000007                4
                         000012-0005FF              5EE
                         003838-007FFF             47C8
        EEDATA           F00000-F000FF              100
        MEDIUMCONST      003838-007FFF             47C8
        RAM              0000E4-0000FF               1C
                         0001FA-0001FF                6
                         000252-0005FF              100
        SFR              000F80-000FFF               80
        SMALLCONST       003838-007FFF              100
        STACK            000252-0005FF              3AE

                                  Symbol Table

?_CheckBit                             cstackCOMRAM 000003
?___fladd                              cstackCOMRAM 000003
?___fldiv                              cstackCOMRAM 000011
?___fltol                              cstackCOMRAM 000003
?___lwdiv                              cstackCOMRAM 000003
?___lwmod                              cstackCOMRAM 00000A
?___wmul                               cstackCOMRAM 000003
?___xxtofl                             cstackCOMRAM 000003
?_adc_amostra                          cstackCOMRAM 000003
?_generateCRC                          cstackCOMRAM 000003
?_sprintf                              cstackCOMRAM 00000F
Automatic_Mode@isFull                  cstackCOMRAM 00001F
CheckBit@pin                           cstackCOMRAM 000005
CheckBit@port                          cstackCOMRAM 000003
ClearBit@pin                           cstackCOMRAM 000005
ClearBit@port                          cstackCOMRAM 000003
Debounce@bt_press                      cstackCOMRAM 000033
Debounce@filter                        cstackCOMRAM 000035
Debounce@pin                           cstackCOMRAM 000031
Debounce@port                          cstackCOMRAM 00002F
Debounce@ptr_f                         cstackCOMRAM 000037
Lcd_Chr_CP@data                        cstackCOMRAM 000005
Lcd_Cmd@data                           cstackCOMRAM 000005
Lcd_Init@data                          cstackCOMRAM 000007
Lcd_Out@buffer                         cstackCOMRAM 000007
Lcd_Out@data                           cstackCOMRAM 00000A
Lcd_Out@x                              cstackCOMRAM 000006
Lcd_Out@y                              cstackCOMRAM 000009
OpnUSART@spbrg                         cstackCOMRAM 000004
Read_Level@adcTank1                    cstackCOMRAM 00002A
Read_Level@adcTank2                    cstackCOMRAM 00002C
SetBit@pin                             cstackCOMRAM 000005
SetBit@port                            cstackCOMRAM 000003
Show_Display@display                   cstackCOMRAM 00000B
TougleBit@pin                          cstackCOMRAM 000005
TougleBit@port                         cstackCOMRAM 000003
_ADCON0                                (abs)        000FC2
_ADCON0bits                            (abs)        000FC2
_ADCON1                                (abs)        000FC1
_ADCON2                                (abs)        000FC0
_ADRESH                                (abs)        000FC4
_ADRESL                                (abs)        000FC3
_Automatic_Mode                        text48       0026D8
_BAUDCONbits                           (abs)        000FB8
_Change_Mode                           text24       003582
_CheckBit                              text40       00372A
_ClearBit                              text51       003604
_ClsUSART                              text11       00380A
_ConfigInterrupts                      text47       003816
_Configure_External_Interrupt          text46       003836
_Configure_Registers                   text44       003538
_Configure_Timer_Interrupt             text45       0037EA
_Debounce                              text21       003040
_INCREMENT                             dataCOMRAM   00006A
_INTCON2bits                           (abs)        000FF1
_INTCONbits                            (abs)        000FF2
_Initialize_Tanks                      text43       003476
_LATA                                  (abs)        000F89
_LATB                                  (abs)        000F8A
_LATBbits                              (abs)        000F8A
_LATC                                  (abs)        000F8B
_LATD                                  (abs)        000F8C
_LATDbits                              (abs)        000F8C
_LATE                                  (abs)        000F8D
_Lcd_Chr_CP                            text31       002118
_Lcd_Cmd                               text42       002372
_Lcd_Init                              text41       0025BC
_Lcd_Out                               text30       00322A
_Manual_Mode                           text20       0036FE
_Min_Lv1_Incr                          text23       002EA4
_Min_Lv2_Incr                          text22       002DD0
_OpenTmr0                              text54       0037BC
_OpnUSART                              text10       0033A4
_PEIE                                  (abs)        007F96
_PIE1                                  (abs)        000F9D
_PIE1bits                              (abs)        000F9D
_PIR1bits                              (abs)        000F9E
_PORTA                                 (abs)        000F80
_PORTB                                 (abs)        000F81
_PORTC                                 (abs)        000F82
_PORTD                                 (abs)        000F83
_PORTDbits                             (abs)        000F83
_PORTE                                 (abs)        000F84
_PORTEbits                             (abs)        000F84
_RCONbits                              (abs)        000FD0
_RCREG                                 (abs)        000FAE
_RCSTA                                 (abs)        000FAB
_RCSTAbits                             (abs)        000FAB
_Read_Level                            text16       002CE2
_Receive_Message                       text14       00319C
_Refresh_Screen                        text28       00379E
_SPBRG                                 (abs)        000FAF
_SetBit                                text50       0036CE
_Set_Display_Message                   text32       001DDA
_Set_Display_Message$768               cstackCOMRAM 00002D
_Show_Display                          text29       003752
_Sync_Registers                        text15       0030FC
_T0CONbits                             (abs)        000FD5
_T1CON                                 (abs)        000FCD
_TMR0H                                 (abs)        000FD7
_TMR0L                                 (abs)        000FD6
_TMR1H                                 (abs)        000FCF
_TMR1L                                 (abs)        000FCE
_TRISA                                 (abs)        000F92
_TRISB                                 (abs)        000F93
_TRISBbits                             (abs)        000F93
_TRISC                                 (abs)        000F94
_TRISCbits                             (abs)        000F94
_TRISD                                 (abs)        000F95
_TRISDbits                             (abs)        000F95
_TRISE                                 (abs)        000F96
_TRISEbits                             (abs)        000F96
_TXREG                                 (abs)        000FAD
_TXSTA                                 (abs)        000FAC
_TXSTAbits                             (abs)        000FAC
_TougleBit                             text26       00369E
_Tougle_Pump                           text25       0037D4
__HRAM                                 (abs)        000000
__Habs1                                abs1         000000
__Hbank0                               bank0        000000
__Hbank1                               bank1        000000
__Hbank2                               bank2        000000
__Hbank3                               bank3        000000
__Hbank4                               bank4        000000
__Hbank5                               bank5        000000
__Hbigbss                              bigbss       000000
__Hbigdata                             bigdata      000000
__Hbigram                              bigram       000000
__HbitbssCOMRAM                        bitbssCOMRAM 000000
__Hbss                                 bss          000000
__HbssBANK0                            bssBANK0     000000
__HbssBANK1                            bssBANK1     000000
__HbssBANK2                            bssBANK2     000000
__HbssCOMRAM                           bssCOMRAM    000000
__Hcinit                               cinit        000000
__Hclrtext                             clrtext      000000
__Hcomram                              comram       000000
__Hconfig                              config       30000E
__Hconst                               const        000000
__HcstackCOMRAM                        cstackCOMRAM 000000
__Hdata                                data         000000
__HdataCOMRAM                          dataCOMRAM   000000
__Heeprom_data                         eeprom_data  000000
__Hfarbss                              farbss       000000
__Hfardata                             fardata      000000
__Hibigdata                            ibigdata     000000
__Hidata                               idata        000000
__HidataCOMRAM                         idataCOMRAM  000000
__Hidloc                               idloc        200008
__Hifardata                            ifardata     000000
__Hinit                                init         000012
__Hintcode                             intcode      00000E
__Hintcode_body                        intcode_body 000000
__Hintcodelo                           intcodelo    00000E
__Hintentry                            intentry     000000
__Hintret                              intret       000000
__Hintsave_regs                        intsave_regs 000000
__Hirdata                              irdata       000000
__Hmediumconst                         mediumconst  000000
__HnvFARRAM                            nvFARRAM     000000
__Hnvbit                               nvbit        000000
__Hnvrram                              nvrram       000000
__Hparam                               rparam       000000
__Hpowerup                             powerup      00000E
__Hram                                 ram          000000
__Hramtop                              ramtop       000600
__Hrbit                                rbit         000000
__Hrbss                                rbss         000000
__Hrdata                               rdata        000000
__Hreset_vec                           reset_vec    000004
__Hrparam                              rparam       000000
__Hsfr                                 sfr          000000
__Hsmallconst                          smallconst   0006CE
__Hspace_0                             (abs)        003838
__Hspace_1                             (abs)        0003A1
__Hspace_2                             (abs)        000000
__Hspace_4                             (abs)        60000E
__Hstack                               stack        000000
__Hstruct                              struct       000000
__Htemp                                temp         000076
__Htext                                text         000000
__Htext0                               text0        000000
__Htext1                               text1        000000
__Htext10                              text10       000000
__Htext11                              text11       000000
__Htext12                              text12       000000
__Htext13                              text13       000000
__Htext14                              text14       000000
__Htext15                              text15       000000
__Htext16                              text16       000000
__Htext17                              text17       000000
__Htext18                              text18       000000
__Htext19                              text19       000000
__Htext2                               text2        000000
__Htext20                              text20       000000
__Htext21                              text21       000000
__Htext22                              text22       000000
__Htext23                              text23       000000
__Htext24                              text24       000000
__Htext25                              text25       000000
__Htext26                              text26       000000
__Htext27                              text27       000000
__Htext28                              text28       000000
__Htext29                              text29       000000
__Htext3                               text3        000000
__Htext30                              text30       000000
__Htext31                              text31       000000
__Htext32                              text32       000000
__Htext33                              text33       000000
__Htext34                              text34       000000
__Htext35                              text35       000000
__Htext36                              text36       000000
__Htext37                              text37       000000
__Htext38                              text38       000000
__Htext39                              text39       000000
__Htext4                               text4        000000
__Htext40                              text40       000000
__Htext41                              text41       000000
__Htext42                              text42       000000
__Htext43                              text43       000000
__Htext44                              text44       000000
__Htext45                              text45       000000
__Htext46                              text46       000000
__Htext47                              text47       000000
__Htext48                              text48       000000
__Htext49                              text49       000000
__Htext5                               text5        000000
__Htext50                              text50       000000
__Htext51                              text51       000000
__Htext53                              text53       000000
__Htext54                              text54       000000
__Htext55                              text55       000000
__Htext6                               text6        000000
__Htext7                               text7        000000
__Htext8                               text8        000000
__Htext9                               text9        000000
__LRAM                                 (abs)        000001
__Labs1                                abs1         000000
__Lbank0                               bank0        000000
__Lbank1                               bank1        000000
__Lbank2                               bank2        000000
__Lbank3                               bank3        000000
__Lbank4                               bank4        000000
__Lbank5                               bank5        000000
__Lbigbss                              bigbss       000000
__Lbigdata                             bigdata      000000
__Lbigram                              bigram       000000
__LbitbssCOMRAM                        bitbssCOMRAM 000000
__Lbss                                 bss          000000
__LbssBANK0                            bssBANK0     000000
__LbssBANK1                            bssBANK1     000000
__LbssBANK2                            bssBANK2     000000
__LbssCOMRAM                           bssCOMRAM    000000
__Lcinit                               cinit        000000
__Lclrtext                             clrtext      000000
__Lcomram                              comram       000000
__Lconfig                              config       000000
__Lconst                               const        000000
__LcstackCOMRAM                        cstackCOMRAM 000000
__Ldata                                data         000000
__LdataCOMRAM                          dataCOMRAM   000000
__Leeprom_data                         eeprom_data  000000
__Lfarbss                              farbss       000000
__Lfardata                             fardata      000000
__Libigdata                            ibigdata     000000
__Lidata                               idata        000000
__LidataCOMRAM                         idataCOMRAM  000000
__Lidloc                               idloc        000000
__Lifardata                            ifardata     000000
__Linit                                init         00000E
__Lintcode                             intcode      000008
__Lintcode_body                        intcode_body 000000
__Lintcodelo                           intcodelo    00000E
__Lintentry                            intentry     000000
__Lintret                              intret       000000
__Lintsave_regs                        intsave_regs 000000
__Lirdata                              irdata       000000
__Lmediumconst                         mediumconst  000000
__LnvFARRAM                            nvFARRAM     000000
__Lnvbit                               nvbit        000000
__Lnvrram                              nvrram       000000
__Lparam                               rparam       000000
__Lpowerup                             powerup      00000E
__Lram                                 ram          000000
__Lramtop                              ramtop       000600
__Lrbit                                rbit         000000
__Lrbss                                rbss         000000
__Lrdata                               rdata        000000
__Lreset_vec                           reset_vec    000000
__Lrparam                              rparam       000000
__Lsfr                                 sfr          000000
__Lsmallconst                          smallconst   000600
__Lspace_0                             (abs)        000000
__Lspace_1                             (abs)        000000
__Lspace_2                             (abs)        000000
__Lspace_4                             (abs)        000000
__Lstack                               stack        000000
__Lstruct                              struct       000000
__Ltemp                                temp         000075
__Ltext                                text         000000
__Ltext0                               text0        000000
__Ltext1                               text1        000000
__Ltext10                              text10       000000
__Ltext11                              text11       000000
__Ltext12                              text12       000000
__Ltext13                              text13       000000
__Ltext14                              text14       000000
__Ltext15                              text15       000000
__Ltext16                              text16       000000
__Ltext17                              text17       000000
__Ltext18                              text18       000000
__Ltext19                              text19       000000
__Ltext2                               text2        000000
__Ltext20                              text20       000000
__Ltext21                              text21       000000
__Ltext22                              text22       000000
__Ltext23                              text23       000000
__Ltext24                              text24       000000
__Ltext25                              text25       000000
__Ltext26                              text26       000000
__Ltext27                              text27       000000
__Ltext28                              text28       000000
__Ltext29                              text29       000000
__Ltext3                               text3        000000
__Ltext30                              text30       000000
__Ltext31                              text31       000000
__Ltext32                              text32       000000
__Ltext33                              text33       000000
__Ltext34                              text34       000000
__Ltext35                              text35       000000
__Ltext36                              text36       000000
__Ltext37                              text37       000000
__Ltext38                              text38       000000
__Ltext39                              text39       000000
__Ltext4                               text4        000000
__Ltext40                              text40       000000
__Ltext41                              text41       000000
__Ltext42                              text42       000000
__Ltext43                              text43       000000
__Ltext44                              text44       000000
__Ltext45                              text45       000000
__Ltext46                              text46       000000
__Ltext47                              text47       000000
__Ltext48                              text48       000000
__Ltext49                              text49       000000
__Ltext5                               text5        000000
__Ltext50                              text50       000000
__Ltext51                              text51       000000
__Ltext53                              text53       000000
__Ltext54                              text54       000000
__Ltext55                              text55       000000
__Ltext6                               text6        000000
__Ltext7                               text7        000000
__Ltext8                               text8        000000
__Ltext9                               text9        000000
__S0                                   (abs)        003838
__S1                                   (abs)        000252
__S2                                   (abs)        000000
__S4                                   (abs)        000000
__S5                                   (abs)        000000
___fladd                               text27       000BF4
___fladd@a                             cstackCOMRAM 000007
___fladd@aexp                          cstackCOMRAM 000010
___fladd@b                             cstackCOMRAM 000003
___fladd@bexp                          cstackCOMRAM 000011
___fladd@grs                           cstackCOMRAM 000012
___fladd@signs                         cstackCOMRAM 00000F
___fldiv                               text19       0010B4
___fldiv@a                             cstackCOMRAM 000015
___fldiv@aexp                          cstackCOMRAM 000029
___fldiv@b                             cstackCOMRAM 000011
___fldiv@bexp                          cstackCOMRAM 000028
___fldiv@grs                           cstackCOMRAM 000024
___fldiv@new_exp                       cstackCOMRAM 000022
___fldiv@rem                           cstackCOMRAM 00001D
___fldiv@sign                          cstackCOMRAM 000021
___flge                                text49       0029EE
___flge@ff1                            cstackCOMRAM 000013
___flge@ff2                            cstackCOMRAM 000017
___fltol                               text39       0027E4
___fltol@exp1                          cstackCOMRAM 00000C
___fltol@f1                            cstackCOMRAM 000003
___fltol@sign1                         cstackCOMRAM 00000B
___inthi_sp                            stack        000000
___intlo_sp                            stack        000000
___lwdiv                               text38       003330
___lwdiv@counter                       cstackCOMRAM 000009
___lwdiv@dividend                      cstackCOMRAM 000003
___lwdiv@divisor                       cstackCOMRAM 000005
___lwdiv@quotient                      cstackCOMRAM 000007
___lwmod                               text37       003412
___lwmod@counter                       cstackCOMRAM 00000E
___lwmod@dividend                      cstackCOMRAM 00000A
___lwmod@divisor                       cstackCOMRAM 00000C
___param_bank                          (abs)        000000
___rparam_used                         (abs)        000001
___sp                                  stack        000000
___wmul                                text36       003778
___wmul@multiplicand                   cstackCOMRAM 000005
___wmul@multiplier                     cstackCOMRAM 000003
___wmul@product                        cstackCOMRAM 000007
___xxtofl                              text18       001C26
___xxtofl@arg                          cstackCOMRAM 00000D
___xxtofl@exp                          cstackCOMRAM 00000C
___xxtofl@sign                         cstackCOMRAM 00000B
___xxtofl@val                          cstackCOMRAM 000003
__accesstop                            (abs)        000080
__activetblptr                         (abs)        000002
__end_of_Automatic_Mode                text48       0027E4
__end_of_Change_Mode                   text24       0035C8
__end_of_CheckBit                      text40       003752
__end_of_ClearBit                      text51       00363C
__end_of_ClsUSART                      text11       003816
__end_of_ConfigInterrupts              text47       003822
__end_of_Configure_External_Interrupt  text46       003838
__end_of_Configure_Registers           text44       003582
__end_of_Configure_Timer_Interrupt     text45       0037FC
__end_of_Debounce                      text21       0030FC
__end_of_Initialize_Tanks              text43       0034D8
__end_of_Lcd_Chr_CP                    text31       002248
__end_of_Lcd_Cmd                       text42       00249C
__end_of_Lcd_Init                      text41       0026D8
__end_of_Lcd_Out                       text30       0032B4
__end_of_Manual_Mode                   text20       00372A
__end_of_Min_Lv1_Incr                  text23       002F78
__end_of_Min_Lv2_Incr                  text22       002EA4
__end_of_OpenTmr0                      text54       0037D4
__end_of_OpnUSART                      text10       003412
__end_of_Read_Level                    text16       002DD0
__end_of_Receive_Message               text14       00322A
__end_of_Refresh_Screen                text28       0037BC
__end_of_SetBit                        text50       0036FE
__end_of_Set_Display_Message           text32       001F84
__end_of_Show_Display                  text29       003778
__end_of_Sync_Registers                text15       00319C
__end_of_TougleBit                     text26       0036CE
__end_of_Tougle_Pump                   text25       0037EA
__end_of___fladd                       text27       0010B4
__end_of___fldiv                       text19       00144E
__end_of___flge                        text49       002AF2
__end_of___fltol                       text39       0028EA
__end_of___lwdiv                       text38       0033A4
__end_of___lwmod                       text37       003476
__end_of___wmul                        text36       00379E
__end_of___xxtofl                      text18       001DDA
__end_of__initialization               cinit        00352A
__end_of_adc_amostra                   text17       003330
__end_of_adc_init                      text13       00380A
__end_of_checkCRC                      text12       002372
__end_of_clearResponse                 text9        00369E
__end_of_decodeIt                      text1        003040
__end_of_dpowers                       smallconst   00060B
__end_of_generateCRC                   text8        002CE2
__end_of_hexpowers                     smallconst   000613
__end_of_isdigit                       text35       00366E
__end_of_isr                           intcode_body 002118
__end_of_main                          text0        002BF2
__end_of_modbusDelay                   text53       003836
__end_of_readCoil                      text7        0018A2
__end_of_readInputCoil                 text6        001678
__end_of_readInputReg                  text5        001C26
__end_of_readReg                       text4        001A64
__end_of_sprintf                       text34       000BF4
__end_of_strcpy                        text33       003604
__end_of_writeCoil                     text3        0025BC
__end_of_writeReg                      text2        0029EE
__initialization                       cinit        0034D8
__mediumconst                          mediumconst  000000
__pbitbssCOMRAM                        bitbssCOMRAM 0003A0
__pbssBANK0                            bssBANK0     000080
__pbssBANK1                            bssBANK1     000100
__pbssBANK2                            bssBANK2     000200
__pbssCOMRAM                           bssCOMRAM    00003B
__pcinit                               cinit        0034D8
__pcstackCOMRAM                        cstackCOMRAM 000001
__pdataCOMRAM                          dataCOMRAM   00006A
__pidataCOMRAM                         idataCOMRAM  003822
__pintcode                             intcode      000008
__pintcode_body                        intcode_body 001F84
__psmallconst                          smallconst   000600
__ptext0                               text0        002AF2
__ptext1                               text1        002F78
__ptext10                              text10       0033A4
__ptext11                              text11       00380A
__ptext12                              text12       002248
__ptext13                              text13       0037FC
__ptext14                              text14       00319C
__ptext15                              text15       0030FC
__ptext16                              text16       002CE2
__ptext17                              text17       0032B4
__ptext18                              text18       001C26
__ptext19                              text19       0010B4
__ptext2                               text2        0028EA
__ptext20                              text20       0036FE
__ptext21                              text21       003040
__ptext22                              text22       002DD0
__ptext23                              text23       002EA4
__ptext24                              text24       003582
__ptext25                              text25       0037D4
__ptext26                              text26       00369E
__ptext27                              text27       000BF4
__ptext28                              text28       00379E
__ptext29                              text29       003752
__ptext3                               text3        00249C
__ptext30                              text30       00322A
__ptext31                              text31       002118
__ptext32                              text32       001DDA
__ptext33                              text33       0035C8
__ptext34                              text34       0006CE
__ptext35                              text35       00363C
__ptext36                              text36       003778
__ptext37                              text37       003412
__ptext38                              text38       003330
__ptext39                              text39       0027E4
__ptext4                               text4        0018A2
__ptext40                              text40       00372A
__ptext41                              text41       0025BC
__ptext42                              text42       002372
__ptext43                              text43       003476
__ptext44                              text44       003538
__ptext45                              text45       0037EA
__ptext46                              text46       003836
__ptext47                              text47       003816
__ptext48                              text48       0026D8
__ptext49                              text49       0029EE
__ptext5                               text5        001A64
__ptext50                              text50       0036CE
__ptext51                              text51       003604
__ptext53                              text53       00382C
__ptext54                              text54       0037BC
__ptext55                              text55       000000
__ptext6                               text6        00144E
__ptext7                               text7        001678
__ptext8                               text8        002BF2
__ptext9                               text9        00366E
__ramtop                               ramtop       000600
__size_of_Automatic_Mode               (abs)        000000
__size_of_Change_Mode                  (abs)        000000
__size_of_CheckBit                     (abs)        000000
__size_of_ClearBit                     (abs)        000000
__size_of_ClsUSART                     (abs)        000000
__size_of_ConfigInterrupts             (abs)        000000
__size_of_Configure_External_Interrupt (abs)        000000
__size_of_Configure_Registers          (abs)        000000
__size_of_Configure_Timer_Interrupt    (abs)        000000
__size_of_Debounce                     (abs)        000000
__size_of_Initialize_Tanks             (abs)        000000
__size_of_Lcd_Chr_CP                   (abs)        000000
__size_of_Lcd_Cmd                      (abs)        000000
__size_of_Lcd_Init                     (abs)        000000
__size_of_Lcd_Out                      (abs)        000000
__size_of_Manual_Mode                  (abs)        000000
__size_of_Min_Lv1_Incr                 (abs)        000000
__size_of_Min_Lv2_Incr                 (abs)        000000
__size_of_OpenTmr0                     (abs)        000000
__size_of_OpnUSART                     (abs)        000000
__size_of_Read_Level                   (abs)        000000
__size_of_Receive_Message              (abs)        000000
__size_of_Refresh_Screen               (abs)        000000
__size_of_SetBit                       (abs)        000000
__size_of_Set_Display_Message          (abs)        000000
__size_of_Show_Display                 (abs)        000000
__size_of_Sync_Registers               (abs)        000000
__size_of_TougleBit                    (abs)        000000
__size_of_Tougle_Pump                  (abs)        000000
__size_of___fladd                      (abs)        000000
__size_of___fldiv                      (abs)        000000
__size_of___flge                       (abs)        000000
__size_of___fltol                      (abs)        000000
__size_of___lwdiv                      (abs)        000000
__size_of___lwmod                      (abs)        000000
__size_of___wmul                       (abs)        000000
__size_of___xxtofl                     (abs)        000000
__size_of_adc_amostra                  (abs)        000000
__size_of_adc_init                     (abs)        000000
__size_of_checkCRC                     (abs)        000000
__size_of_clearResponse                (abs)        000000
__size_of_decodeIt                     (abs)        000000
__size_of_generateCRC                  (abs)        000000
__size_of_isdigit                      (abs)        000000
__size_of_isr                          (abs)        000000
__size_of_main                         (abs)        000000
__size_of_modbusDelay                  (abs)        000000
__size_of_readCoil                     (abs)        000000
__size_of_readInputCoil                (abs)        000000
__size_of_readInputReg                 (abs)        000000
__size_of_readReg                      (abs)        000000
__size_of_sprintf                      (abs)        000000
__size_of_strcpy                       (abs)        000000
__size_of_writeCoil                    (abs)        000000
__size_of_writeReg                     (abs)        000000
__smallconst                           smallconst   000600
_adc_amostra                           text17       0032B4
_adc_init                              text13       0037FC
_bt_min_lv1_incr_press                 bssCOMRAM    000064
_bt_min_lv2_incr_press                 bssCOMRAM    000062
_bt_on_off_pump_press                  bssCOMRAM    000066
_bt_operation_mode_press               bssCOMRAM    000068
_checkCRC                              text12       002248
_clearResponse                         text9        00366E
_coils                                 bssBANK2     000200
_count_refresh_display                 bssCOMRAM    000057
_count_screen                          bssCOMRAM    000059
_decodeIt                              text1        002F78
_display                               bssBANK2     000232
_dpowers                               smallconst   000601
_endOfMessage                          bssCOMRAM    000061
_filter_bt_min_lv1_incr                dataCOMRAM   00006E
_filter_bt_min_lv2_incr                dataCOMRAM   00006C
_filter_bt_on_off_pump                 dataCOMRAM   000070
_filter_bt_operation_mode              dataCOMRAM   000072
_generateCRC                           text8        002BF2
_hexpowers                             smallconst   00060B
_holdingReg                            bssBANK0     000080
_isdigit                               text35       00363C
_isdigit$2041                          cstackCOMRAM 000004
_isr                                   intcode      000008
_last_operation_mode_received          bssCOMRAM    000053
_last_pump_status_received             bssCOMRAM    000055
_main                                  text0        002AF2
_messageLength                         bssCOMRAM    00005F
_modbusDelay                           text53       00382C
_modbusMessage                         bssCOMRAM    00005E
_newMessage                            dataCOMRAM   00006B
_operation                             bssCOMRAM    00005C
_readCoil                              text7        001678
_readInputCoil                         text6        00144E
_readInputReg                          text5        001A64
_readReg                               text4        0018A2
_received                              bssBANK1     000100
_refresh_display                       bitbssCOMRAM 0003A0
_response                              bssBANK1     00017D
_screen                                bssCOMRAM    00005B
_sprintf                               text34       0006CE
_strcpy                                text33       0035C8
_tank1                                 bssCOMRAM    000047
_tank2                                 bssCOMRAM    00003B
_timerCount                            bssCOMRAM    000060
_writeCoil                             text3        00249C
_writeReg                              text2        0028EA
_z                                     bssCOMRAM    00005D
adc_amostra@canal                      cstackCOMRAM 000009
btemp                                  temp         000075
checkCRC@crc                           cstackCOMRAM 00000E
checkCRC@crcHigh                       cstackCOMRAM 000008
checkCRC@crcLow                        cstackCOMRAM 00000A
checkCRC@i                             cstackCOMRAM 000010
checkCRC@j                             cstackCOMRAM 00000C
clearResponse@i                        cstackCOMRAM 000008
end_of_initialization                  cinit        00352A
generateCRC@crc                        cstackCOMRAM 000013
generateCRC@crcHigh                    cstackCOMRAM 00000D
generateCRC@crcLow                     cstackCOMRAM 00000B
generateCRC@i                          cstackCOMRAM 00000F
generateCRC@j                          cstackCOMRAM 000011
generateCRC@messageLength              cstackCOMRAM 00000A
int$flags                              temp         000075
int_func                               intcode_body 001F84
intlevel0                              text         000000
intlevel1                              text         000000
intlevel2                              text         000000
intlevel3                              text         000000
isa$std                                (abs)        000001
isa$xinst                              (abs)        000000
isdigit@c                              cstackCOMRAM 000005
readCoil@crc                           cstackCOMRAM 00001B
readCoil@howManyBytes                  cstackCOMRAM 000020
readCoil@i                             cstackCOMRAM 000023
readCoil@j                             cstackCOMRAM 000024
readCoil@k                             cstackCOMRAM 000025
readCoil@l                             cstackCOMRAM 000021
readCoil@lsb                           cstackCOMRAM 000022
readCoil@rc_Address                    cstackCOMRAM 000019
readCoil@rc_numCoils                   cstackCOMRAM 00001E
readCoil@remainder                     cstackCOMRAM 00001D
readInputCoil@crc                      cstackCOMRAM 00001B
readInputCoil@howManyBytes             cstackCOMRAM 000020
readInputCoil@i                        cstackCOMRAM 000023
readInputCoil@j                        cstackCOMRAM 000024
readInputCoil@k                        cstackCOMRAM 000025
readInputCoil@l                        cstackCOMRAM 000021
readInputCoil@lsb                      cstackCOMRAM 000022
readInputCoil@rc_Address               cstackCOMRAM 000019
readInputCoil@rc_numCoils              cstackCOMRAM 00001E
readInputCoil@remainder                cstackCOMRAM 00001D
readInputReg@crc                       cstackCOMRAM 000017
readInputReg@i                         cstackCOMRAM 00001D
readInputReg@j                         cstackCOMRAM 00001F
readInputReg@rr_Address                cstackCOMRAM 000019
readInputReg@rr_numRegs                cstackCOMRAM 00001B
readReg@crc                            cstackCOMRAM 000017
readReg@i                              cstackCOMRAM 00001D
readReg@j                              cstackCOMRAM 00001F
readReg@rr_Address                     cstackCOMRAM 000019
readReg@rr_numRegs                     cstackCOMRAM 00001B
sprintf@ap                             cstackCOMRAM 000022
sprintf@c                              cstackCOMRAM 00002C
sprintf@cp                             cstackCOMRAM 00001F
sprintf@f                              cstackCOMRAM 000011
sprintf@flag                           cstackCOMRAM 000029
sprintf@idx                            cstackCOMRAM 000021
sprintf@len                            cstackCOMRAM 000024
sprintf@prec                           cstackCOMRAM 000026
sprintf@sp                             cstackCOMRAM 00000F
sprintf@val                            cstackCOMRAM 000027
sprintf@width                          cstackCOMRAM 00002A
stackhi                                (abs)        0005FF
stacklo                                (abs)        000252
start                                  init         00000E
start_initialization                   cinit        0034D8
strcpy@cp                              cstackCOMRAM 000007
strcpy@from                            cstackCOMRAM 000005
strcpy@to                              cstackCOMRAM 000003
ttemp5                                 temp         000076
ttemp6                                 temp         000079
ttemp7                                 temp         00007D
writeCoil@crc                          cstackCOMRAM 00001F
writeCoil@i                            cstackCOMRAM 000023
writeCoil@wc_Address                   cstackCOMRAM 000021
writeCoil@wc_AddressHigh               cstackCOMRAM 000017
writeCoil@wc_AddressLow                cstackCOMRAM 000015
writeCoil@wc_valToWrite                cstackCOMRAM 00001D
writeCoil@wc_valToWriteHigh            cstackCOMRAM 00001B
writeCoil@wc_valToWriteLow             cstackCOMRAM 000019
writeReg@crc                           cstackCOMRAM 000021
writeReg@i                             cstackCOMRAM 000023
writeReg@wr_Address                    cstackCOMRAM 00001D
writeReg@wr_AddressHigh                cstackCOMRAM 000017
writeReg@wr_AddressLow                 cstackCOMRAM 000015
writeReg@wr_valToWrite                 cstackCOMRAM 00001F
writeReg@wr_valToWriteHigh             cstackCOMRAM 00001B
writeReg@wr_valToWriteLow              cstackCOMRAM 000019
wtemp8                                 temp         000076


MODULE INFORMATION

Module		Function		Class		Link	Load	Size
C:\Program Files\Microchip\xc8\v2.32\pic\sources\c90\common\isdigit.c
		_isdigit       		CODE           	363C	0000	50

C:\Program Files\Microchip\xc8\v2.32\pic\sources\c90\common\isdigit.c estimated size: 50

C:\Program Files\Microchip\xc8\v2.32\pic\sources\c90\common\sprcadd.c
		___fladd       		CODE           	0BF4	0000	1216

C:\Program Files\Microchip\xc8\v2.32\pic\sources\c90\common\sprcadd.c estimated size: 1216

flexlcd.h
		_Lcd_Init      		CODE           	25BC	0000	284
		_Lcd_Out       		CODE           	322A	0000	138
		_Lcd_Chr_CP    		CODE           	2118	0000	304
		_Lcd_Cmd       		CODE           	2372	0000	298

flexlcd.h estimated size: 1024

C:\Program Files\Microchip\xc8\v2.32\pic\sources\c90\common\flge.c
		___flge        		CODE           	29EE	0000	260

C:\Program Files\Microchip\xc8\v2.32\pic\sources\c90\common\flge.c estimated size: 260

C:\Program Files\Microchip\xc8\v2.32\pic\sources\c90\common\xxtofl.c
		___xxtofl      		CODE           	1C26	0000	436

C:\Program Files\Microchip\xc8\v2.32\pic\sources\c90\common\xxtofl.c estimated size: 436

C:\Program Files\Microchip\xc8\v2.32\pic\sources\c90\common\strcpy.c
		_strcpy        		CODE           	35C8	0000	60

C:\Program Files\Microchip\xc8\v2.32\pic\sources\c90\common\strcpy.c estimated size: 60

modbus.c
		_writeCoil     		CODE           	249C	0000	288
		_checkCRC      		CODE           	2248	0000	298
		_readCoil      		CODE           	1678	0000	554
		_decodeIt      		CODE           	2F78	0000	200
		_writeReg      		CODE           	28EA	0000	260
		_generateCRC   		CODE           	2BF2	0000	240
		_clearResponse 		CODE           	366E	0000	48
		_readInputReg  		CODE           	1A64	0000	450
		_readInputCoil 		CODE           	144E	0000	554
		_modbusDelay   		CODE           	382C	0000	10
		_readReg       		CODE           	18A2	0000	450

modbus.c estimated size: 3352

adc.c
		_adc_amostra   		CODE           	32B4	0000	124
		_adc_init      		CODE           	37FC	0000	14

adc.c estimated size: 138

C:\Program Files\Microchip\xc8\v2.32\pic\sources\c90\common\lwmod.c
		___lwmod       		CODE           	3412	0000	100

C:\Program Files\Microchip\xc8\v2.32\pic\sources\c90\common\lwmod.c estimated size: 100

regoperations.c
		_CheckBit      		CODE           	372A	0000	40
		_ClearBit      		CODE           	3604	0000	56
		_SetBit        		CODE           	36CE	0000	48
		_TougleBit     		CODE           	369E	0000	48

regoperations.c estimated size: 192

shared
		_dpowers       		SMALLCONST     	0601	0000	10
		__initialization		CODE           	34D8	0000	82
		_hexpowers     		SMALLCONST     	060B	0000	8

shared estimated size: 100

C:\Program Files\Microchip\xc8\v2.32\pic\sources\c90\common\sprcdiv.c
		___fldiv       		CODE           	10B4	0000	922

C:\Program Files\Microchip\xc8\v2.32\pic\sources\c90\common\sprcdiv.c estimated size: 922

C:\Program Files\Microchip\xc8\v2.32\pic\sources\c90\common\doprnt.c
		_sprintf       		CODE           	06CE	0000	1318

C:\Program Files\Microchip\xc8\v2.32\pic\sources\c90\common\doprnt.c estimated size: 1318

debounce.c
		_Debounce      		CODE           	3040	0000	188

debounce.c estimated size: 188

C:\Program Files\Microchip\xc8\v2.32\pic\sources\c90\common\lwdiv.c
		___lwdiv       		CODE           	3330	0000	116

C:\Program Files\Microchip\xc8\v2.32\pic\sources\c90\common\lwdiv.c estimated size: 116

C:\Program Files\Microchip\xc8\v2.32\pic\sources\c90\common\Umul16.c
		___wmul        		CODE           	3778	0000	38

C:\Program Files\Microchip\xc8\v2.32\pic\sources\c90\common\Umul16.c estimated size: 38

main.c
		_Automatic_Mode		CODE           	26D8	0000	268
		_Set_Display_Message		CODE           	1DDA	0000	426
		_Refresh_Screen		CODE           	379E	0000	30
		_Sync_Registers		CODE           	30FC	0000	160
		_Min_Lv2_Incr  		CODE           	2DD0	0000	212
		_Show_Display  		CODE           	3752	0000	38
		_main          		CODE           	2AF2	0000	256
		_Configure_Registers		CODE           	3538	0000	74
		_Min_Lv1_Incr  		CODE           	2EA4	0000	212
		_Change_Mode   		CODE           	3582	0000	70
		_isr           		CODE           	0008	0000	410
		_Initialize_Tanks		CODE           	3476	0000	98
		_Receive_Message		CODE           	319C	0000	142
		_Read_Level    		CODE           	2CE2	0000	238
		_Configure_Timer_Interrupt		CODE           	37EA	0000	18
		_Configure_External_Interrupt		CODE           	3836	0000	2
		_Tougle_Pump   		CODE           	37D4	0000	22
		_Manual_Mode   		CODE           	36FE	0000	44

main.c estimated size: 2720

C:\Program Files\Microchip\xc8\v2.32\pic\sources\c90\common\fltol.c
		___fltol       		CODE           	27E4	0000	262

C:\Program Files\Microchip\xc8\v2.32\pic\sources\c90\common\fltol.c estimated size: 262

system.c
		_ClsUSART      		CODE           	380A	0000	12
		_OpnUSART      		CODE           	33A4	0000	110
		_OpenTmr0      		CODE           	37BC	0000	24
		_ConfigInterrupts		CODE           	3816	0000	12

system.c estimated size: 158

